#
# There is insufficient memory for the Java Runtime Environment to continue.
# Native memory allocation (malloc) failed to allocate 1747520 bytes. Error detail: Chunk::new
# Possible reasons:
#   The system is out of physical RAM or swap space
#   This process is running with CompressedOops enabled, and the Java Heap may be blocking the growth of the native heap
# Possible solutions:
#   Reduce memory load on the system
#   Increase physical memory or swap space
#   Check if swap backing store is full
#   Decrease Java heap size (-Xmx/-Xms)
#   Decrease number of Java threads
#   Decrease Java thread stack sizes (-Xss)
#   Set larger code cache with -XX:ReservedCodeCacheSize=
#   JVM is running with Unscaled Compressed Oops mode in which the Java heap is
#     placed in the first 4GB address space. The Java Heap base address is the
#     maximum limit for the native heap growth. Please use -XX:HeapBaseMinAddress
#     to set the Java Heap base and to place the Java Heap above 4GB virtual address.
# This output file may be truncated or incomplete.
#
#  Out of Memory Error (arena.cpp:168), pid=2724, tid=8352
#
# JRE version: OpenJDK Runtime Environment (21.0.5) (build 21.0.5+-13047016-b750.29)
# Java VM: OpenJDK 64-Bit Server VM (21.0.5+-13047016-b750.29, mixed mode, tiered, compressed oops, compressed class ptrs, g1 gc, windows-amd64)
# No core dump will be written. Minidumps are not enabled by default on client versions of Windows
#

---------------  S U M M A R Y ------------

Command Line: --add-opens=java.base/java.lang=ALL-UNNAMED --add-opens=java.base/java.lang.invoke=ALL-UNNAMED --add-opens=java.base/java.util=ALL-UNNAMED --add-opens=java.prefs/java.util.prefs=ALL-UNNAMED --add-exports=jdk.compiler/com.sun.tools.javac.api=ALL-UNNAMED --add-exports=jdk.compiler/com.sun.tools.javac.util=ALL-UNNAMED --add-opens=java.base/java.util=ALL-UNNAMED --add-opens=java.prefs/java.util.prefs=ALL-UNNAMED --add-opens=java.base/java.nio.charset=ALL-UNNAMED --add-opens=java.base/java.net=ALL-UNNAMED --add-opens=java.base/java.util.concurrent.atomic=ALL-UNNAMED --add-opens=java.xml/javax.xml.namespace=ALL-UNNAMED -Xmx2048m -Dfile.encoding=UTF-8 -Duser.country=US -Duser.language=en -Duser.variant -javaagent:C:\Users\M-S-I\.gradle\wrapper\dists\gradle-8.11.1-bin\bpt9gzteqjrbo1mjrsomdt32c\gradle-8.11.1\lib\agents\gradle-instrumentation-agent-8.11.1.jar org.gradle.launcher.daemon.bootstrap.GradleDaemon 8.11.1

Host: AMD Ryzen 7 5700U with Radeon Graphics         , 16 cores, 7G,  Windows 11 , 64 bit Build 22621 (10.0.22621.5262)
Time: Sun May 25 14:58:23 2025 SE Asia Standard Time elapsed time: 5.695971 seconds (0d 0h 0m 5s)

---------------  T H R E A D  ---------------

Current thread (0x0000022fd90e67e0):  JavaThread "C2 CompilerThread0" daemon [_thread_in_native, id=8352, stack(0x000000bcb1600000,0x000000bcb1700000) (1024K)]


Current CompileTask:
C2:5696 3367   !   4       java.net.URLClassLoader::findClass (47 bytes)

Stack: [0x000000bcb1600000,0x000000bcb1700000]
Native frames: (J=compiled Java code, j=interpreted, Vv=VM code, C=native code)
V  [jvm.dll+0x6cfb29]
V  [jvm.dll+0x85df93]
V  [jvm.dll+0x8604ee]
V  [jvm.dll+0x860bd3]
V  [jvm.dll+0x27e6b6]
V  [jvm.dll+0xbff6d]
V  [jvm.dll+0xc04a3]
V  [jvm.dll+0x3b5ffb]
V  [jvm.dll+0x1de852]
V  [jvm.dll+0x247db4]
V  [jvm.dll+0x247231]
V  [jvm.dll+0x1c5ee4]
V  [jvm.dll+0x25697c]
V  [jvm.dll+0x254ec6]
V  [jvm.dll+0x3f0ce6]
V  [jvm.dll+0x806368]
V  [jvm.dll+0x6ce3fd]
C  [ucrtbase.dll+0x29333]
C  [KERNEL32.DLL+0x1259d]
C  [ntdll.dll+0x5af58]


---------------  P R O C E S S  ---------------

Threads class SMR info:
_java_thread_list=0x0000022fdaef6bf0, length=31, elements={
0x0000022fbcbbb020, 0x0000022fd90b17b0, 0x0000022fd90b2460, 0x0000022fd90da550,
0x0000022fd90c4890, 0x0000022fd90c52e0, 0x0000022fd90c5d30, 0x0000022fd90e67e0,
0x0000022fd90e9280, 0x0000022fd92116e0, 0x0000022fd9277e40, 0x0000022fd93c8530,
0x0000022fdae732a0, 0x0000022fdb080dc0, 0x0000022fdade9720, 0x0000022fdb066720,
0x0000022fdadd23f0, 0x0000022fdaef6020, 0x0000022fdaef6c90, 0x0000022fdace4700,
0x0000022fdb130bb0, 0x0000022fdb131240, 0x0000022fdb12f170, 0x0000022fdb12f800,
0x0000022fdb12fe90, 0x0000022fdb1318d0, 0x0000022fdb131f60, 0x0000022fdb1325f0,
0x0000022fdbab6990, 0x0000022fdbab6300, 0x0000022fd97b0830
}

Java Threads: ( => current thread )
  0x0000022fbcbbb020 JavaThread "main"                              [_thread_blocked, id=8676, stack(0x000000bcb0800000,0x000000bcb0900000) (1024K)]
  0x0000022fd90b17b0 JavaThread "Reference Handler"          daemon [_thread_blocked, id=13456, stack(0x000000bcb1000000,0x000000bcb1100000) (1024K)]
  0x0000022fd90b2460 JavaThread "Finalizer"                  daemon [_thread_blocked, id=15132, stack(0x000000bcb1100000,0x000000bcb1200000) (1024K)]
  0x0000022fd90da550 JavaThread "Signal Dispatcher"          daemon [_thread_blocked, id=9536, stack(0x000000bcb1200000,0x000000bcb1300000) (1024K)]
  0x0000022fd90c4890 JavaThread "Attach Listener"            daemon [_thread_blocked, id=9764, stack(0x000000bcb1300000,0x000000bcb1400000) (1024K)]
  0x0000022fd90c52e0 JavaThread "Service Thread"             daemon [_thread_blocked, id=14800, stack(0x000000bcb1400000,0x000000bcb1500000) (1024K)]
  0x0000022fd90c5d30 JavaThread "Monitor Deflation Thread"   daemon [_thread_blocked, id=15424, stack(0x000000bcb1500000,0x000000bcb1600000) (1024K)]
=>0x0000022fd90e67e0 JavaThread "C2 CompilerThread0"         daemon [_thread_in_native, id=8352, stack(0x000000bcb1600000,0x000000bcb1700000) (1024K)]
  0x0000022fd90e9280 JavaThread "C1 CompilerThread0"         daemon [_thread_blocked, id=3816, stack(0x000000bcb1700000,0x000000bcb1800000) (1024K)]
  0x0000022fd92116e0 JavaThread "Common-Cleaner"             daemon [_thread_blocked, id=14772, stack(0x000000bcb1800000,0x000000bcb1900000) (1024K)]
  0x0000022fd9277e40 JavaThread "C1 CompilerThread1"         daemon [_thread_in_vm, id=2972, stack(0x000000bcb1900000,0x000000bcb1a00000) (1024K)]
  0x0000022fd93c8530 JavaThread "Notification Thread"        daemon [_thread_blocked, id=18392, stack(0x000000bcb1a00000,0x000000bcb1b00000) (1024K)]
  0x0000022fdae732a0 JavaThread "Daemon health stats"               [_thread_blocked, id=3660, stack(0x000000bcb2000000,0x000000bcb2100000) (1024K)]
  0x0000022fdb080dc0 JavaThread "Incoming local TCP Connector on port 63377"        [_thread_in_native, id=8196, stack(0x000000bcb2100000,0x000000bcb2200000) (1024K)]
  0x0000022fdade9720 JavaThread "Daemon periodic checks"            [_thread_blocked, id=18076, stack(0x000000bcb2200000,0x000000bcb2300000) (1024K)]
  0x0000022fdb066720 JavaThread "Daemon"                            [_thread_blocked, id=10480, stack(0x000000bcb2300000,0x000000bcb2400000) (1024K)]
  0x0000022fdadd23f0 JavaThread "Handler for socket connection from /127.0.0.1:63377 to /127.0.0.1:63378"        [_thread_in_native, id=16844, stack(0x000000bcb2400000,0x000000bcb2500000) (1024K)]
  0x0000022fdaef6020 JavaThread "Cancel handler"                    [_thread_blocked, id=9932, stack(0x000000bcb2500000,0x000000bcb2600000) (1024K)]
  0x0000022fdaef6c90 JavaThread "Daemon worker"                     [_thread_in_Java, id=3364, stack(0x000000bcb2600000,0x000000bcb2700000) (1024K)]
  0x0000022fdace4700 JavaThread "Asynchronous log dispatcher for DefaultDaemonConnection: socket connection from /127.0.0.1:63377 to /127.0.0.1:63378"        [_thread_blocked, id=8028, stack(0x000000bcb2700000,0x000000bcb2800000) (1024K)]
  0x0000022fdb130bb0 JavaThread "Stdin handler"                     [_thread_blocked, id=17196, stack(0x000000bcb2800000,0x000000bcb2900000) (1024K)]
  0x0000022fdb131240 JavaThread "Daemon client event forwarder"        [_thread_blocked, id=11272, stack(0x000000bcb2900000,0x000000bcb2a00000) (1024K)]
  0x0000022fdb12f170 JavaThread "Cache worker for journal cache (C:\Users\M-S-I\.gradle\caches\journal-1)"        [_thread_blocked, id=7912, stack(0x000000bcb3300000,0x000000bcb3400000) (1024K)]
  0x0000022fdb12f800 JavaThread "File lock request listener"        [_thread_in_native, id=17368, stack(0x000000bcb3400000,0x000000bcb3500000) (1024K)]
  0x0000022fdb12fe90 JavaThread "Cache worker for file hash cache (C:\Users\M-S-I\.gradle\caches\8.11.1\fileHashes)"        [_thread_blocked, id=6936, stack(0x000000bcb3500000,0x000000bcb3600000) (1024K)]
  0x0000022fdb1318d0 JavaThread "Cache worker for file content cache (C:\Users\M-S-I\.gradle\caches\8.11.1\fileContent)"        [_thread_blocked, id=17700, stack(0x000000bcb3600000,0x000000bcb3700000) (1024K)]
  0x0000022fdb131f60 JavaThread "Cache worker for file hash cache (D:\learn\Calmpuchia\.gradle\8.11.1\fileHashes)"        [_thread_blocked, id=17848, stack(0x000000bcb3700000,0x000000bcb3800000) (1024K)]
  0x0000022fdb1325f0 JavaThread "Cache worker for Build Output Cleanup Cache (D:\learn\Calmpuchia\.gradle\buildOutputCleanup)"        [_thread_blocked, id=10448, stack(0x000000bcb3800000,0x000000bcb3900000) (1024K)]
  0x0000022fdbab6990 JavaThread "File watcher server"        daemon [_thread_in_native, id=10516, stack(0x000000bcb3900000,0x000000bcb3a00000) (1024K)]
  0x0000022fdbab6300 JavaThread "File watcher consumer"      daemon [_thread_blocked, id=17504, stack(0x000000bcb3a00000,0x000000bcb3b00000) (1024K)]
  0x0000022fd97b0830 JavaThread "C2 CompilerThread1"         daemon [_thread_in_native, id=2304, stack(0x000000bcb3b00000,0x000000bcb3c00000) (1024K)]
Total: 31

Other Threads:
  0x0000022fd905ea20 VMThread "VM Thread"                           [id=17908, stack(0x000000bcb0f00000,0x000000bcb1000000) (1024K)]
  0x0000022fd4ce9ec0 WatcherThread "VM Periodic Task Thread"        [id=15076, stack(0x000000bcb0e00000,0x000000bcb0f00000) (1024K)]
  0x0000022fbcc13710 WorkerThread "GC Thread#0"                     [id=17132, stack(0x000000bcb0900000,0x000000bcb0a00000) (1024K)]
  0x0000022fd979a5b0 WorkerThread "GC Thread#1"                     [id=15280, stack(0x000000bcb1b00000,0x000000bcb1c00000) (1024K)]
  0x0000022fd9568940 WorkerThread "GC Thread#2"                     [id=11900, stack(0x000000bcb1c00000,0x000000bcb1d00000) (1024K)]
  0x0000022fda55b9c0 WorkerThread "GC Thread#3"                     [id=18404, stack(0x000000bcb1d00000,0x000000bcb1e00000) (1024K)]
  0x0000022fda4600a0 WorkerThread "GC Thread#4"                     [id=11836, stack(0x000000bcb1e00000,0x000000bcb1f00000) (1024K)]
  0x0000022fdad0f620 WorkerThread "GC Thread#5"                     [id=5452, stack(0x000000bcb1f00000,0x000000bcb2000000) (1024K)]
  0x0000022fdb0a71d0 WorkerThread "GC Thread#6"                     [id=15828, stack(0x000000bcb2a00000,0x000000bcb2b00000) (1024K)]
  0x0000022fdb0a8180 WorkerThread "GC Thread#7"                     [id=18304, stack(0x000000bcb2b00000,0x000000bcb2c00000) (1024K)]
  0x0000022fdb0a8520 WorkerThread "GC Thread#8"                     [id=16316, stack(0x000000bcb2c00000,0x000000bcb2d00000) (1024K)]
  0x0000022fdb0b5140 WorkerThread "GC Thread#9"                     [id=15600, stack(0x000000bcb2d00000,0x000000bcb2e00000) (1024K)]
  0x0000022fdb0b6750 WorkerThread "GC Thread#10"                    [id=11884, stack(0x000000bcb2e00000,0x000000bcb2f00000) (1024K)]
  0x0000022fdb0b63b0 WorkerThread "GC Thread#11"                    [id=16108, stack(0x000000bcb2f00000,0x000000bcb3000000) (1024K)]
  0x0000022fdb0b6010 WorkerThread "GC Thread#12"                    [id=14664, stack(0x000000bcb3000000,0x000000bcb3100000) (1024K)]
  0x0000022fbcc25070 ConcurrentGCThread "G1 Main Marker"            [id=4208, stack(0x000000bcb0a00000,0x000000bcb0b00000) (1024K)]
  0x0000022fbcc26310 WorkerThread "G1 Conc#0"                       [id=11444, stack(0x000000bcb0b00000,0x000000bcb0c00000) (1024K)]
  0x0000022fdb0b6af0 WorkerThread "G1 Conc#1"                       [id=16452, stack(0x000000bcb3100000,0x000000bcb3200000) (1024K)]
  0x0000022fdb0b5530 WorkerThread "G1 Conc#2"                       [id=17804, stack(0x000000bcb3200000,0x000000bcb3300000) (1024K)]
  0x0000022fd4bb71c0 ConcurrentGCThread "G1 Refine#0"               [id=15880, stack(0x000000bcb0c00000,0x000000bcb0d00000) (1024K)]
  0x0000022fd4bb7b40 ConcurrentGCThread "G1 Service"                [id=4196, stack(0x000000bcb0d00000,0x000000bcb0e00000) (1024K)]
Total: 21

Threads with active compile tasks:
C2 CompilerThread0  5734 3367   !   4       java.net.URLClassLoader::findClass (47 bytes)
C2 CompilerThread1  5734 3368       4       java.net.URLClassLoader$1::run (5 bytes)
Total: 2

VM state: not at safepoint (normal execution)

VM Mutex/Monitor currently owned by a thread: None

Heap address: 0x0000000080000000, size: 2048 MB, Compressed Oops mode: 32-bit

CDS archive(s) not mapped
Compressed class space mapped at: 0x0000000100000000-0x0000000140000000, reserved size: 1073741824
Narrow klass base: 0x0000000000000000, Narrow klass shift: 3, Narrow klass range: 0x140000000

GC Precious Log:
 CardTable entry size: 512
 Card Set container configuration: InlinePtr #cards 5 size 8 Array Of Cards #cards 12 size 40 Howl #buckets 4 coarsen threshold 1843 Howl Bitmap #cards 512 size 80 coarsen threshold 460 Card regions per heap region 1 cards per card region 2048
 CPUs: 16 total, 16 available
 Memory: 7541M
 Large Page Support: Disabled
 NUMA Support: Disabled
 Compressed Oops: Enabled (32-bit)
 Heap Region Size: 1M
 Heap Min Capacity: 8M
 Heap Initial Capacity: 118M
 Heap Max Capacity: 2G
 Pre-touch: Disabled
 Parallel Workers: 13
 Concurrent Workers: 3
 Concurrent Refinement Workers: 13
 Periodic GC: Disabled

Heap:
 garbage-first heap   total 92160K, used 32295K [0x0000000080000000, 0x0000000100000000)
  region size 1024K, 11 young (11264K), 4 survivors (4096K)
 Metaspace       used 35979K, committed 36864K, reserved 1114112K
  class space    used 4835K, committed 5248K, reserved 1048576K

Heap Regions: E=young(eden), S=young(survivor), O=old, HS=humongous(starts), HC=humongous(continues), CS=collection set, F=free, TAMS=top-at-mark-start, PB=parsable bottom
|   0|0x0000000080000000, 0x0000000080100000, 0x0000000080100000|100%|HS|  |TAMS 0x0000000080000000| PB 0x0000000080000000| Complete 
|   1|0x0000000080100000, 0x0000000080200000, 0x0000000080200000|100%|HC|  |TAMS 0x0000000080100000| PB 0x0000000080100000| Complete 
|   2|0x0000000080200000, 0x0000000080300000, 0x0000000080300000|100%|HC|  |TAMS 0x0000000080200000| PB 0x0000000080200000| Complete 
|   3|0x0000000080300000, 0x0000000080400000, 0x0000000080400000|100%| O|  |TAMS 0x0000000080300000| PB 0x0000000080300000| Untracked 
|   4|0x0000000080400000, 0x0000000080500000, 0x0000000080500000|100%| O|  |TAMS 0x0000000080400000| PB 0x0000000080400000| Untracked 
|   5|0x0000000080500000, 0x0000000080600000, 0x0000000080600000|100%| O|  |TAMS 0x0000000080500000| PB 0x0000000080500000| Untracked 
|   6|0x0000000080600000, 0x0000000080700000, 0x0000000080700000|100%|HS|  |TAMS 0x0000000080600000| PB 0x0000000080600000| Complete 
|   7|0x0000000080700000, 0x0000000080800000, 0x0000000080800000|100%| O|  |TAMS 0x0000000080700000| PB 0x0000000080700000| Untracked 
|   8|0x0000000080800000, 0x0000000080900000, 0x0000000080900000|100%| O|  |TAMS 0x0000000080800000| PB 0x0000000080800000| Untracked 
|   9|0x0000000080900000, 0x0000000080a00000, 0x0000000080a00000|100%| O|  |TAMS 0x0000000080900000| PB 0x0000000080900000| Untracked 
|  10|0x0000000080a00000, 0x0000000080b00000, 0x0000000080b00000|100%| O|  |TAMS 0x0000000080a00000| PB 0x0000000080a00000| Untracked 
|  11|0x0000000080b00000, 0x0000000080c00000, 0x0000000080c00000|100%| O|  |TAMS 0x0000000080b00000| PB 0x0000000080b00000| Untracked 
|  12|0x0000000080c00000, 0x0000000080d00000, 0x0000000080d00000|100%| O|  |TAMS 0x0000000080c00000| PB 0x0000000080c00000| Untracked 
|  13|0x0000000080d00000, 0x0000000080e00000, 0x0000000080e00000|100%| O|  |TAMS 0x0000000080d00000| PB 0x0000000080d00000| Untracked 
|  14|0x0000000080e00000, 0x0000000080f00000, 0x0000000080f00000|100%| O|  |TAMS 0x0000000080e00000| PB 0x0000000080e00000| Untracked 
|  15|0x0000000080f00000, 0x0000000081000000, 0x0000000081000000|100%| O|  |TAMS 0x0000000080f00000| PB 0x0000000080f00000| Untracked 
|  16|0x0000000081000000, 0x0000000081100000, 0x0000000081100000|100%| O|  |TAMS 0x0000000081000000| PB 0x0000000081000000| Untracked 
|  17|0x0000000081100000, 0x0000000081137000, 0x0000000081200000| 21%| O|Cm|TAMS 0x0000000081100000| PB 0x0000000081100000| Complete 
|  18|0x0000000081200000, 0x0000000081200000, 0x0000000081300000|  0%| F|  |TAMS 0x0000000081200000| PB 0x0000000081200000| Untracked 
|  19|0x0000000081300000, 0x0000000081300000, 0x0000000081400000|  0%| F|  |TAMS 0x0000000081300000| PB 0x0000000081300000| Untracked 
|  20|0x0000000081400000, 0x0000000081400000, 0x0000000081500000|  0%| F|  |TAMS 0x0000000081400000| PB 0x0000000081400000| Untracked 
|  21|0x0000000081500000, 0x0000000081500000, 0x0000000081600000|  0%| F|  |TAMS 0x0000000081500000| PB 0x0000000081500000| Untracked 
|  22|0x0000000081600000, 0x0000000081600000, 0x0000000081700000|  0%| F|  |TAMS 0x0000000081600000| PB 0x0000000081600000| Untracked 
|  23|0x0000000081700000, 0x0000000081700000, 0x0000000081800000|  0%| F|  |TAMS 0x0000000081700000| PB 0x0000000081700000| Untracked 
|  24|0x0000000081800000, 0x0000000081800000, 0x0000000081900000|  0%| F|  |TAMS 0x0000000081800000| PB 0x0000000081800000| Untracked 
|  25|0x0000000081900000, 0x0000000081900000, 0x0000000081a00000|  0%| F|  |TAMS 0x0000000081900000| PB 0x0000000081900000| Untracked 
|  26|0x0000000081a00000, 0x0000000081a00000, 0x0000000081b00000|  0%| F|  |TAMS 0x0000000081a00000| PB 0x0000000081a00000| Untracked 
|  27|0x0000000081b00000, 0x0000000081b00000, 0x0000000081c00000|  0%| F|  |TAMS 0x0000000081b00000| PB 0x0000000081b00000| Untracked 
|  28|0x0000000081c00000, 0x0000000081c00000, 0x0000000081d00000|  0%| F|  |TAMS 0x0000000081c00000| PB 0x0000000081c00000| Untracked 
|  29|0x0000000081d00000, 0x0000000081d00000, 0x0000000081e00000|  0%| F|  |TAMS 0x0000000081d00000| PB 0x0000000081d00000| Untracked 
|  30|0x0000000081e00000, 0x0000000081e00000, 0x0000000081f00000|  0%| F|  |TAMS 0x0000000081e00000| PB 0x0000000081e00000| Untracked 
|  31|0x0000000081f00000, 0x0000000081f00000, 0x0000000082000000|  0%| F|  |TAMS 0x0000000081f00000| PB 0x0000000081f00000| Untracked 
|  32|0x0000000082000000, 0x0000000082000000, 0x0000000082100000|  0%| F|  |TAMS 0x0000000082000000| PB 0x0000000082000000| Untracked 
|  33|0x0000000082100000, 0x0000000082100000, 0x0000000082200000|  0%| F|  |TAMS 0x0000000082100000| PB 0x0000000082100000| Untracked 
|  34|0x0000000082200000, 0x0000000082200000, 0x0000000082300000|  0%| F|  |TAMS 0x0000000082200000| PB 0x0000000082200000| Untracked 
|  35|0x0000000082300000, 0x0000000082300000, 0x0000000082400000|  0%| F|  |TAMS 0x0000000082300000| PB 0x0000000082300000| Untracked 
|  36|0x0000000082400000, 0x0000000082400000, 0x0000000082500000|  0%| F|  |TAMS 0x0000000082400000| PB 0x0000000082400000| Untracked 
|  37|0x0000000082500000, 0x0000000082500000, 0x0000000082600000|  0%| F|  |TAMS 0x0000000082500000| PB 0x0000000082500000| Untracked 
|  38|0x0000000082600000, 0x0000000082600000, 0x0000000082700000|  0%| F|  |TAMS 0x0000000082600000| PB 0x0000000082600000| Untracked 
|  39|0x0000000082700000, 0x0000000082700000, 0x0000000082800000|  0%| F|  |TAMS 0x0000000082700000| PB 0x0000000082700000| Untracked 
|  40|0x0000000082800000, 0x0000000082800000, 0x0000000082900000|  0%| F|  |TAMS 0x0000000082800000| PB 0x0000000082800000| Untracked 
|  41|0x0000000082900000, 0x0000000082900000, 0x0000000082a00000|  0%| F|  |TAMS 0x0000000082900000| PB 0x0000000082900000| Untracked 
|  42|0x0000000082a00000, 0x0000000082a00000, 0x0000000082b00000|  0%| F|  |TAMS 0x0000000082a00000| PB 0x0000000082a00000| Untracked 
|  43|0x0000000082b00000, 0x0000000082b00000, 0x0000000082c00000|  0%| F|  |TAMS 0x0000000082b00000| PB 0x0000000082b00000| Untracked 
|  44|0x0000000082c00000, 0x0000000082c00000, 0x0000000082d00000|  0%| F|  |TAMS 0x0000000082c00000| PB 0x0000000082c00000| Untracked 
|  45|0x0000000082d00000, 0x0000000082d00000, 0x0000000082e00000|  0%| F|  |TAMS 0x0000000082d00000| PB 0x0000000082d00000| Untracked 
|  46|0x0000000082e00000, 0x0000000082e00000, 0x0000000082f00000|  0%| F|  |TAMS 0x0000000082e00000| PB 0x0000000082e00000| Untracked 
|  47|0x0000000082f00000, 0x0000000082f00000, 0x0000000083000000|  0%| F|  |TAMS 0x0000000082f00000| PB 0x0000000082f00000| Untracked 
|  48|0x0000000083000000, 0x0000000083000000, 0x0000000083100000|  0%| F|  |TAMS 0x0000000083000000| PB 0x0000000083000000| Untracked 
|  49|0x0000000083100000, 0x0000000083100000, 0x0000000083200000|  0%| F|  |TAMS 0x0000000083100000| PB 0x0000000083100000| Untracked 
|  50|0x0000000083200000, 0x0000000083200000, 0x0000000083300000|  0%| F|  |TAMS 0x0000000083200000| PB 0x0000000083200000| Untracked 
|  51|0x0000000083300000, 0x0000000083300000, 0x0000000083400000|  0%| F|  |TAMS 0x0000000083300000| PB 0x0000000083300000| Untracked 
|  52|0x0000000083400000, 0x0000000083400000, 0x0000000083500000|  0%| F|  |TAMS 0x0000000083400000| PB 0x0000000083400000| Untracked 
|  53|0x0000000083500000, 0x0000000083500000, 0x0000000083600000|  0%| F|  |TAMS 0x0000000083500000| PB 0x0000000083500000| Untracked 
|  54|0x0000000083600000, 0x0000000083600000, 0x0000000083700000|  0%| F|  |TAMS 0x0000000083600000| PB 0x0000000083600000| Untracked 
|  55|0x0000000083700000, 0x0000000083700000, 0x0000000083800000|  0%| F|  |TAMS 0x0000000083700000| PB 0x0000000083700000| Untracked 
|  56|0x0000000083800000, 0x0000000083800000, 0x0000000083900000|  0%| F|  |TAMS 0x0000000083800000| PB 0x0000000083800000| Untracked 
|  57|0x0000000083900000, 0x0000000083900000, 0x0000000083a00000|  0%| F|  |TAMS 0x0000000083900000| PB 0x0000000083900000| Untracked 
|  58|0x0000000083a00000, 0x0000000083a00000, 0x0000000083b00000|  0%| F|  |TAMS 0x0000000083a00000| PB 0x0000000083a00000| Untracked 
|  59|0x0000000083b00000, 0x0000000083b00000, 0x0000000083c00000|  0%| F|  |TAMS 0x0000000083b00000| PB 0x0000000083b00000| Untracked 
|  60|0x0000000083c00000, 0x0000000083c00000, 0x0000000083d00000|  0%| F|  |TAMS 0x0000000083c00000| PB 0x0000000083c00000| Untracked 
|  61|0x0000000083d00000, 0x0000000083d00000, 0x0000000083e00000|  0%| F|  |TAMS 0x0000000083d00000| PB 0x0000000083d00000| Untracked 
|  62|0x0000000083e00000, 0x0000000083e00000, 0x0000000083f00000|  0%| F|  |TAMS 0x0000000083e00000| PB 0x0000000083e00000| Untracked 
|  63|0x0000000083f00000, 0x0000000083f00000, 0x0000000084000000|  0%| F|  |TAMS 0x0000000083f00000| PB 0x0000000083f00000| Untracked 
|  64|0x0000000084000000, 0x0000000084000000, 0x0000000084100000|  0%| F|  |TAMS 0x0000000084000000| PB 0x0000000084000000| Untracked 
|  65|0x0000000084100000, 0x0000000084100000, 0x0000000084200000|  0%| F|  |TAMS 0x0000000084100000| PB 0x0000000084100000| Untracked 
|  66|0x0000000084200000, 0x0000000084200000, 0x0000000084300000|  0%| F|  |TAMS 0x0000000084200000| PB 0x0000000084200000| Untracked 
|  67|0x0000000084300000, 0x0000000084300000, 0x0000000084400000|  0%| F|  |TAMS 0x0000000084300000| PB 0x0000000084300000| Untracked 
|  68|0x0000000084400000, 0x0000000084400000, 0x0000000084500000|  0%| F|  |TAMS 0x0000000084400000| PB 0x0000000084400000| Untracked 
|  69|0x0000000084500000, 0x0000000084500000, 0x0000000084600000|  0%| F|  |TAMS 0x0000000084500000| PB 0x0000000084500000| Untracked 
|  70|0x0000000084600000, 0x0000000084600000, 0x0000000084700000|  0%| F|  |TAMS 0x0000000084600000| PB 0x0000000084600000| Untracked 
|  71|0x0000000084700000, 0x0000000084700000, 0x0000000084800000|  0%| F|  |TAMS 0x0000000084700000| PB 0x0000000084700000| Untracked 
|  72|0x0000000084800000, 0x0000000084800000, 0x0000000084900000|  0%| F|  |TAMS 0x0000000084800000| PB 0x0000000084800000| Untracked 
|  73|0x0000000084900000, 0x0000000084900000, 0x0000000084a00000|  0%| F|  |TAMS 0x0000000084900000| PB 0x0000000084900000| Untracked 
|  74|0x0000000084a00000, 0x0000000084a19268, 0x0000000084b00000|  9%| E|  |TAMS 0x0000000084a00000| PB 0x0000000084a00000| Complete 
|  75|0x0000000084b00000, 0x0000000084c00000, 0x0000000084c00000|100%| E|CS|TAMS 0x0000000084b00000| PB 0x0000000084b00000| Complete 
|  76|0x0000000084c00000, 0x0000000084d00000, 0x0000000084d00000|100%| E|CS|TAMS 0x0000000084c00000| PB 0x0000000084c00000| Complete 
|  77|0x0000000084d00000, 0x0000000084e00000, 0x0000000084e00000|100%| E|CS|TAMS 0x0000000084d00000| PB 0x0000000084d00000| Complete 
|  78|0x0000000084e00000, 0x0000000084f00000, 0x0000000084f00000|100%| E|CS|TAMS 0x0000000084e00000| PB 0x0000000084e00000| Complete 
|  79|0x0000000084f00000, 0x0000000085000000, 0x0000000085000000|100%| E|CS|TAMS 0x0000000084f00000| PB 0x0000000084f00000| Complete 
|  87|0x0000000085700000, 0x0000000085752fe0, 0x0000000085800000| 32%| S|CS|TAMS 0x0000000085700000| PB 0x0000000085700000| Complete 
|  88|0x0000000085800000, 0x0000000085900000, 0x0000000085900000|100%| S|CS|TAMS 0x0000000085800000| PB 0x0000000085800000| Complete 
|  89|0x0000000085900000, 0x0000000085a00000, 0x0000000085a00000|100%| S|CS|TAMS 0x0000000085900000| PB 0x0000000085900000| Complete 
|  90|0x0000000085a00000, 0x0000000085b00000, 0x0000000085b00000|100%| S|CS|TAMS 0x0000000085a00000| PB 0x0000000085a00000| Complete 
| 117|0x0000000087500000, 0x0000000087600000, 0x0000000087600000|100%| E|CS|TAMS 0x0000000087500000| PB 0x0000000087500000| Complete 
|2043|0x00000000ffb00000, 0x00000000ffc00000, 0x00000000ffc00000|100%| O|  |TAMS 0x00000000ffb00000| PB 0x00000000ffb00000| Untracked 
|2044|0x00000000ffc00000, 0x00000000ffd00000, 0x00000000ffd00000|100%| O|  |TAMS 0x00000000ffc00000| PB 0x00000000ffc00000| Untracked 
|2045|0x00000000ffd00000, 0x00000000ffe00000, 0x00000000ffe00000|100%| O|  |TAMS 0x00000000ffd00000| PB 0x00000000ffd00000| Untracked 
|2046|0x00000000ffe00000, 0x00000000fff00000, 0x00000000fff00000|100%| O|  |TAMS 0x00000000ffe00000| PB 0x00000000ffe00000| Untracked 
|2047|0x00000000fff00000, 0x0000000100000000, 0x0000000100000000|100%| O|  |TAMS 0x00000000fff00000| PB 0x00000000fff00000| Untracked 

Card table byte_map: [0x0000022fcf990000,0x0000022fcfd90000] _byte_map_base: 0x0000022fcf590000

Marking Bits: (CMBitMap*) 0x0000022fbcc14620
 Bits: [0x0000022fcfd90000, 0x0000022fd1d90000)

Polling page: 0x0000022fbab90000

Metaspace:

Usage:
  Non-class:     30.44 MB used.
      Class:      4.72 MB used.
       Both:     35.16 MB used.

Virtual space:
  Non-class space:       64.00 MB reserved,      30.88 MB ( 48%) committed,  1 nodes.
      Class space:        1.00 GB reserved,       5.12 MB ( <1%) committed,  1 nodes.
             Both:        1.06 GB reserved,      36.00 MB (  3%) committed. 

Chunk freelists:
   Non-Class:  1.00 MB
       Class:  10.88 MB
        Both:  11.87 MB

MaxMetaspaceSize: unlimited
CompressedClassSpaceSize: 1.00 GB
Initial GC threshold: 21.00 MB
Current GC threshold: 59.19 MB
CDS: off
 - commit_granule_bytes: 65536.
 - commit_granule_words: 8192.
 - virtual_space_node_default_size: 8388608.
 - enlarge_chunks_in_place: 1.
 - use_allocation_guard: 0.


Internal statistics:

num_allocs_failed_limit: 9.
num_arena_births: 1446.
num_arena_deaths: 0.
num_vsnodes_births: 2.
num_vsnodes_deaths: 0.
num_space_committed: 578.
num_space_uncommitted: 0.
num_chunks_returned_to_freelist: 9.
num_chunks_taken_from_freelist: 2639.
num_chunk_merges: 9.
num_chunk_splits: 1696.
num_chunks_enlarged: 1082.
num_inconsistent_stats: 0.

CodeHeap 'non-profiled nmethods': size=119168Kb used=1332Kb max_used=1623Kb free=117835Kb
 bounds [0x0000022fc78b0000, 0x0000022fc7b20000, 0x0000022fced10000]
CodeHeap 'profiled nmethods': size=119104Kb used=6222Kb max_used=7087Kb free=112882Kb
 bounds [0x0000022fbfd10000, 0x0000022fc0400000, 0x0000022fc7160000]
CodeHeap 'non-nmethods': size=7488Kb used=2054Kb max_used=2095Kb free=5433Kb
 bounds [0x0000022fc7160000, 0x0000022fc73d0000, 0x0000022fc78b0000]
 total_blobs=3687 nmethods=3104 adapters=486
 compilation: enabled
              stopped_count=0, restarted_count=0
 full_count=0

Compilation events (20 events):
Event: 5.673 Thread 0x0000022fd90e9280 nmethod 3497 0x0000022fbfd24710 code [0x0000022fbfd248c0, 0x0000022fbfd24a98]
Event: 5.673 Thread 0x0000022fd9277e40 nmethod 3498 0x0000022fc78de210 code [0x0000022fc78de3a0, 0x0000022fc78de450]
Event: 5.681 Thread 0x0000022fd9277e40 3500       3       jdk.internal.reflect.ReflectionFactory::copyField (11 bytes)
Event: 5.681 Thread 0x0000022fd90e9280 3501       3       java.lang.reflect.ReflectAccess::copyField (5 bytes)
Event: 5.682 Thread 0x0000022fd9277e40 nmethod 3500 0x0000022fbfd15410 code [0x0000022fbfd155c0, 0x0000022fbfd157b0]
Event: 5.682 Thread 0x0000022fd90e9280 nmethod 3501 0x0000022fc0030090 code [0x0000022fc0030240, 0x0000022fc0030380]
Event: 5.682 Thread 0x0000022fd9277e40 3502       3       java.lang.reflect.Field::copy (80 bytes)
Event: 5.682 Thread 0x0000022fd90e9280 3503       3       java.lang.reflect.Field::<init> (50 bytes)
Event: 5.682 Thread 0x0000022fd90e9280 nmethod 3503 0x0000022fbfe72d10 code [0x0000022fbfe72ee0, 0x0000022fbfe73298]
Event: 5.682 Thread 0x0000022fd90e9280 3504       3       com.google.common.collect.ImmutableList$Builder::<init> (18 bytes)
Event: 5.682 Thread 0x0000022fd9277e40 nmethod 3502 0x0000022fbfd21c90 code [0x0000022fbfd21e60, 0x0000022fbfd22260]
Event: 5.682 Thread 0x0000022fd9277e40 3505       3       com.google.common.collect.ImmutableList$Builder::build (17 bytes)
Event: 5.682 Thread 0x0000022fd90e9280 nmethod 3504 0x0000022fbfd6af90 code [0x0000022fbfd6b140, 0x0000022fbfd6b400]
Event: 5.682 Thread 0x0000022fd9277e40 nmethod 3505 0x0000022fbfd63290 code [0x0000022fbfd63440, 0x0000022fbfd63588]
Event: 5.686 Thread 0x0000022fd9277e40 3506       3       org.objectweb.asm.MethodWriter::putFrame (549 bytes)
Event: 5.686 Thread 0x0000022fd90e9280 3507       3       org.objectweb.asm.SymbolTable::addConstant (314 bytes)
Event: 5.689 Thread 0x0000022fd9277e40 nmethod 3506 0x0000022fbff86710 code [0x0000022fbff86ba0, 0x0000022fbff885e0]
Event: 5.690 Thread 0x0000022fd9277e40 3508       3       org.objectweb.asm.Type::getOpcode (284 bytes)
Event: 5.690 Thread 0x0000022fd90e9280 nmethod 3507 0x0000022fbfd53090 code [0x0000022fbfd53640, 0x0000022fbfd56618]
Event: 5.690 Thread 0x0000022fd9277e40 nmethod 3508 0x0000022fbfde8390 code [0x0000022fbfde8660, 0x0000022fbfde92d0]

GC Heap History (14 events):
Event: 0.641 GC heap before
{Heap before GC invocations=0 (full 0):
 garbage-first heap   total 120832K, used 22528K [0x0000000080000000, 0x0000000100000000)
  region size 1024K, 23 young (23552K), 0 survivors (0K)
 Metaspace       used 7989K, committed 8128K, reserved 1114112K
  class space    used 709K, committed 768K, reserved 1048576K
}
Event: 0.648 GC heap after
{Heap after GC invocations=1 (full 0):
 garbage-first heap   total 120832K, used 2672K [0x0000000080000000, 0x0000000100000000)
  region size 1024K, 3 young (3072K), 3 survivors (3072K)
 Metaspace       used 7989K, committed 8128K, reserved 1114112K
  class space    used 709K, committed 768K, reserved 1048576K
}
Event: 1.488 GC heap before
{Heap before GC invocations=1 (full 0):
 garbage-first heap   total 120832K, used 39536K [0x0000000080000000, 0x0000000100000000)
  region size 1024K, 37 young (37888K), 3 survivors (3072K)
 Metaspace       used 12223K, committed 12416K, reserved 1114112K
  class space    used 1276K, committed 1408K, reserved 1048576K
}
Event: 1.498 GC heap after
{Heap after GC invocations=2 (full 0):
 garbage-first heap   total 120832K, used 10369K [0x0000000080000000, 0x0000000100000000)
  region size 1024K, 5 young (5120K), 5 survivors (5120K)
 Metaspace       used 12223K, committed 12416K, reserved 1114112K
  class space    used 1276K, committed 1408K, reserved 1048576K
}
Event: 2.159 GC heap before
{Heap before GC invocations=2 (full 0):
 garbage-first heap   total 120832K, used 58497K [0x0000000080000000, 0x0000000100000000)
  region size 1024K, 50 young (51200K), 5 survivors (5120K)
 Metaspace       used 12931K, committed 13184K, reserved 1114112K
  class space    used 1399K, committed 1536K, reserved 1048576K
}
Event: 2.171 GC heap after
{Heap after GC invocations=3 (full 0):
 garbage-first heap   total 120832K, used 16589K [0x0000000080000000, 0x0000000100000000)
  region size 1024K, 5 young (5120K), 5 survivors (5120K)
 Metaspace       used 12931K, committed 13184K, reserved 1114112K
  class space    used 1399K, committed 1536K, reserved 1048576K
}
Event: 3.248 GC heap before
{Heap before GC invocations=3 (full 0):
 garbage-first heap   total 120832K, used 42189K [0x0000000080000000, 0x0000000100000000)
  region size 1024K, 31 young (31744K), 5 survivors (5120K)
 Metaspace       used 21168K, committed 21504K, reserved 1114112K
  class space    used 2426K, committed 2624K, reserved 1048576K
}
Event: 3.255 GC heap after
{Heap after GC invocations=4 (full 0):
 garbage-first heap   total 120832K, used 19941K [0x0000000080000000, 0x0000000100000000)
  region size 1024K, 9 young (9216K), 9 survivors (9216K)
 Metaspace       used 21168K, committed 21504K, reserved 1114112K
  class space    used 2426K, committed 2624K, reserved 1048576K
}
Event: 4.485 GC heap before
{Heap before GC invocations=5 (full 0):
 garbage-first heap   total 71680K, used 70117K [0x0000000080000000, 0x0000000100000000)
  region size 1024K, 58 young (59392K), 9 survivors (9216K)
 Metaspace       used 29405K, committed 30016K, reserved 1114112K
  class space    used 3744K, committed 4032K, reserved 1048576K
}
Event: 4.493 GC heap after
{Heap after GC invocations=6 (full 0):
 garbage-first heap   total 101376K, used 22816K [0x0000000080000000, 0x0000000100000000)
  region size 1024K, 7 young (7168K), 7 survivors (7168K)
 Metaspace       used 29405K, committed 30016K, reserved 1114112K
  class space    used 3744K, committed 4032K, reserved 1048576K
}
Event: 5.497 GC heap before
{Heap before GC invocations=6 (full 0):
 garbage-first heap   total 101376K, used 65824K [0x0000000080000000, 0x0000000100000000)
  region size 1024K, 50 young (51200K), 7 survivors (7168K)
 Metaspace       used 35115K, committed 35968K, reserved 1114112K
  class space    used 4674K, committed 5120K, reserved 1048576K
}
Event: 5.505 GC heap after
{Heap after GC invocations=7 (full 0):
 garbage-first heap   total 101376K, used 25584K [0x0000000080000000, 0x0000000100000000)
  region size 1024K, 6 young (6144K), 6 survivors (6144K)
 Metaspace       used 35115K, committed 35968K, reserved 1114112K
  class space    used 4674K, committed 5120K, reserved 1048576K
}
Event: 5.577 GC heap before
{Heap before GC invocations=7 (full 0):
 garbage-first heap   total 101376K, used 27632K [0x0000000080000000, 0x0000000100000000)
  region size 1024K, 9 young (9216K), 6 survivors (6144K)
 Metaspace       used 35449K, committed 36288K, reserved 1114112K
  class space    used 4739K, committed 5184K, reserved 1048576K
}
Event: 5.583 GC heap after
{Heap after GC invocations=8 (full 0):
 garbage-first heap   total 101376K, used 26151K [0x0000000080000000, 0x0000000100000000)
  region size 1024K, 4 young (4096K), 4 survivors (4096K)
 Metaspace       used 35449K, committed 36288K, reserved 1114112K
  class space    used 4739K, committed 5184K, reserved 1048576K
}

Dll operation events (3 events):
Event: 0.015 Loaded shared library D:\Android Studio\jbr\bin\java.dll
Event: 0.022 Loaded shared library D:\Android Studio\jbr\bin\zip.dll
Event: 0.765 Loaded shared library D:\Android Studio\jbr\bin\verify.dll

Deoptimization events (20 events):
Event: 4.937 Thread 0x0000022fdaef6c90 Uncommon trap: trap_request=0xffffffcc fr.pc=0x0000022fc7a294ec relative=0x000000000000032c
Event: 4.937 Thread 0x0000022fdaef6c90 Uncommon trap: reason=intrinsic_or_type_checked_inlining action=make_not_entrant pc=0x0000022fc7a294ec method=java.util.Arrays.copyOf([Ljava/lang/Object;ILjava/lang/Class;)[Ljava/lang/Object; @ 35 c2
Event: 4.937 Thread 0x0000022fdaef6c90 DEOPT PACKING pc=0x0000022fc7a294ec sp=0x000000bcb26fa310
Event: 4.937 Thread 0x0000022fdaef6c90 DEOPT UNPACKING pc=0x0000022fc71b46a2 sp=0x000000bcb26fa2a0 mode 2
Event: 4.956 Thread 0x0000022fdaef6c90 Uncommon trap: trap_request=0xffffff45 fr.pc=0x0000022fc79ce184 relative=0x00000000000003a4
Event: 4.956 Thread 0x0000022fdaef6c90 Uncommon trap: reason=unstable_if action=reinterpret pc=0x0000022fc79ce184 method=jdk.internal.org.objectweb.asm.SymbolTable.addType(Ljava/lang/String;)I @ 33 c2
Event: 4.956 Thread 0x0000022fdaef6c90 DEOPT PACKING pc=0x0000022fc79ce184 sp=0x000000bcb26f9e90
Event: 4.956 Thread 0x0000022fdaef6c90 DEOPT UNPACKING pc=0x0000022fc71b46a2 sp=0x000000bcb26f9e18 mode 2
Event: 5.142 Thread 0x0000022fdaef6c90 Uncommon trap: trap_request=0xffffff45 fr.pc=0x0000022fc7a036ac relative=0x0000000000000cec
Event: 5.142 Thread 0x0000022fdaef6c90 Uncommon trap: reason=unstable_if action=reinterpret pc=0x0000022fc7a036ac method=jdk.internal.org.objectweb.asm.SymbolTable.addType(Ljava/lang/String;)I @ 33 c2
Event: 5.142 Thread 0x0000022fdaef6c90 DEOPT PACKING pc=0x0000022fc7a036ac sp=0x000000bcb26fbc40
Event: 5.142 Thread 0x0000022fdaef6c90 DEOPT UNPACKING pc=0x0000022fc71b46a2 sp=0x000000bcb26fbb78 mode 2
Event: 5.216 Thread 0x0000022fdaef6c90 Uncommon trap: trap_request=0xffffff76 fr.pc=0x0000022fc7a24684 relative=0x00000000000001c4
Event: 5.216 Thread 0x0000022fdaef6c90 Uncommon trap: reason=predicate action=maybe_recompile pc=0x0000022fc7a24684 method=com.google.common.base.CharMatcher.indexIn(Ljava/lang/CharSequence;I)I @ 19 c2
Event: 5.216 Thread 0x0000022fdaef6c90 DEOPT PACKING pc=0x0000022fc7a24684 sp=0x000000bcb26faec0
Event: 5.216 Thread 0x0000022fdaef6c90 DEOPT UNPACKING pc=0x0000022fc71b46a2 sp=0x000000bcb26fae50 mode 2
Event: 5.299 Thread 0x0000022fdaef6c90 Uncommon trap: trap_request=0xffffff45 fr.pc=0x0000022fc795b660 relative=0x0000000000000740
Event: 5.299 Thread 0x0000022fdaef6c90 Uncommon trap: reason=unstable_if action=reinterpret pc=0x0000022fc795b660 method=java.util.Properties$LineReader.readLine()I @ 95 c2
Event: 5.299 Thread 0x0000022fdaef6c90 DEOPT PACKING pc=0x0000022fc795b660 sp=0x000000bcb26fb140
Event: 5.299 Thread 0x0000022fdaef6c90 DEOPT UNPACKING pc=0x0000022fc71b46a2 sp=0x000000bcb26fb0f0 mode 2

Classes loaded (20 events):
Event: 4.909 Loading class java/util/zip/DeflaterOutputStream done
Event: 4.909 Loading class java/util/zip/GZIPOutputStream done
Event: 4.910 Loading class java/io/UnsupportedEncodingException
Event: 4.910 Loading class java/io/UnsupportedEncodingException done
Event: 4.961 Loading class java/util/Collections$SingletonMap
Event: 4.961 Loading class java/util/Collections$SingletonMap done
Event: 5.183 Loading class java/util/function/UnaryOperator
Event: 5.184 Loading class java/util/function/UnaryOperator done
Event: 5.201 Loading class java/util/concurrent/TimeoutException
Event: 5.201 Loading class java/util/concurrent/TimeoutException done
Event: 5.201 Loading class java/util/concurrent/CancellationException
Event: 5.201 Loading class java/util/concurrent/CancellationException done
Event: 5.246 Loading class java/util/concurrent/locks/AbstractQueuedSynchronizer$SharedNode
Event: 5.246 Loading class java/util/concurrent/locks/AbstractQueuedSynchronizer$SharedNode done
Event: 5.252 Loading class java/io/InterruptedIOException
Event: 5.253 Loading class java/io/InterruptedIOException done
Event: 5.262 Loading class java/util/ArrayDeque$DeqSpliterator
Event: 5.262 Loading class java/util/ArrayDeque$DeqSpliterator done
Event: 5.674 Loading class jdk/internal/reflect/MethodHandleIntegerFieldAccessorImpl
Event: 5.675 Loading class jdk/internal/reflect/MethodHandleIntegerFieldAccessorImpl done

Classes unloaded (0 events):
No events

Classes redefined (0 events):
No events

Internal exceptions (20 events):
Event: 4.703 Thread 0x0000022fdaef6c90 Exception <a 'java/lang/NoSuchMethodError'{0x00000000854af338}: 'java.lang.Object java.lang.invoke.DirectMethodHandle$Holder.newInvokeSpecial(java.lang.Object, java.lang.Object, java.lang.Object, java.lang.Object, java.lang.Object, java.lang.Object, java.lang.Object)'> (0x00000000854af338) 
thrown [s\src\hotspot\share\interpreter\linkResolver.cpp, line 784]
Event: 4.751 Thread 0x0000022fdaef6c90 Exception <a 'java/lang/NoSuchMethodError'{0x00000000852c6510}: 'java.lang.Object java.lang.invoke.DirectMethodHandle$Holder.invokeVirtual(java.lang.Object, java.lang.Object, java.lang.Object, java.lang.Object, java.lang.Object, java.lang.Object, java.lang.Object, java.lang.Object, java.lang.Object, java.lang.Object, java.lang.Object)'> (0x00000000852c6510) 
thrown [s\src\hotspot\share\interpreter\linkResolver.cpp, line 784]
Event: 4.935 Thread 0x0000022fdaef6c90 Exception <a 'java/lang/NoSuchMethodError'{0x0000000084be7638}: 'java.lang.Object java.lang.invoke.DirectMethodHandle$Holder.invokeVirtual(java.lang.Object, java.lang.Object, java.lang.Object, java.lang.Object, java.lang.Object, java.lang.Object, java.lang.Object, java.lang.Object, java.lang.Object, java.lang.Object)'> (0x0000000084be7638) 
thrown [s\src\hotspot\share\interpreter\linkResolver.cpp, line 784]
Event: 4.972 Thread 0x0000022fdaef6c90 Exception <a 'java/lang/NoSuchMethodError'{0x0000000084af6528}: 'java.lang.Object java.lang.invoke.DirectMethodHandle$Holder.invokeSpecial(java.lang.Object, java.lang.Object, java.lang.Object, java.lang.Object, java.lang.Object, java.lang.Object, java.lang.Object, java.lang.Object, java.lang.Object, java.lang.Object, java.lang.Object, java.lang.Object, java.lang.Object, java.lang.Object, java.lang.Object, java.lang.Object, java.lang.Object, java.lang.Object, java.lang.Object, java.lang.Object, java.lang.Ob
Event: 4.972 Thread 0x0000022fdaef6c90 Exception <a 'java/lang/NoSuchMethodError'{0x0000000084afbf10}: 'java.lang.Object java.lang.invoke.DelegatingMethodHandle$Holder.reinvoke_L(java.lang.Object, java.lang.Object, java.lang.Object, java.lang.Object, java.lang.Object, java.lang.Object, java.lang.Object, java.lang.Object, java.lang.Object, java.lang.Object, java.lang.Object, java.lang.Object, java.lang.Object, java.lang.Object, java.lang.Object, java.lang.Object, java.lang.Object, java.lang.Object, java.lang.Object, java.lang.Object, java.lang.O
Event: 4.972 Thread 0x0000022fdaef6c90 Exception <a 'java/lang/NoSuchMethodError'{0x0000000084928c48}: 'java.lang.Object java.lang.invoke.DirectMethodHandle$Holder.invokeSpecial(java.lang.Object, java.lang.Object, java.lang.Object, java.lang.Object, java.lang.Object, java.lang.Object, java.lang.Object, java.lang.Object, java.lang.Object, java.lang.Object, java.lang.Object, java.lang.Object, java.lang.Object, java.lang.Object, java.lang.Object, java.lang.Object, java.lang.Object, java.lang.Object, java.lang.Object, java.lang.Object, java.lang.Ob
Event: 4.973 Thread 0x0000022fdaef6c90 Exception <a 'java/lang/NoSuchMethodError'{0x000000008492e450}: 'java.lang.Object java.lang.invoke.Invokers$Holder.invoker(java.lang.Object, java.lang.Object, java.lang.Object, java.lang.Object, java.lang.Object, java.lang.Object, java.lang.Object, java.lang.Object, java.lang.Object, java.lang.Object, java.lang.Object, java.lang.Object, java.lang.Object, java.lang.Object, java.lang.Object, java.lang.Object, java.lang.Object, java.lang.Object, java.lang.Object, java.lang.Object, java.lang.Object, java.lang.
Event: 4.973 Thread 0x0000022fdaef6c90 Exception <a 'java/lang/NoSuchMethodError'{0x0000000084934638}: 'java.lang.Object java.lang.invoke.DelegatingMethodHandle$Holder.delegate(java.lang.Object, java.lang.Object, java.lang.Object, java.lang.Object, java.lang.Object, java.lang.Object, java.lang.Object, java.lang.Object, java.lang.Object, java.lang.Object, java.lang.Object, java.lang.Object, java.lang.Object, java.lang.Object, java.lang.Object, java.lang.Object, java.lang.Object, java.lang.Object, java.lang.Object, java.lang.Object, java.lang.Obj
Event: 5.000 Thread 0x0000022fdaef6c90 Exception <a 'java/lang/NoSuchMethodError'{0x0000000084749150}: 'java.lang.Object java.lang.invoke.DirectMethodHandle$Holder.invokeStaticInit(java.lang.Object, java.lang.Object, java.lang.Object, java.lang.Object)'> (0x0000000084749150) 
thrown [s\src\hotspot\share\interpreter\linkResolver.cpp, line 784]
Event: 5.034 Thread 0x0000022fdaef6c90 Exception <a 'java/lang/NoSuchMethodError'{0x000000008451d048}: 'void java.lang.invoke.DirectMethodHandle$Holder.invokeStatic(java.lang.Object, java.lang.Object, java.lang.Object, java.lang.Object)'> (0x000000008451d048) 
thrown [s\src\hotspot\share\interpreter\linkResolver.cpp, line 784]
Event: 5.050 Thread 0x0000022fdaef6c90 Exception <a 'java/lang/NoSuchMethodError'{0x00000000845a75d0}: 'java.lang.Object java.lang.invoke.DirectMethodHandle$Holder.invokeVirtual(java.lang.Object, java.lang.Object, java.lang.Object, java.lang.Object, java.lang.Object, java.lang.Object, java.lang.Object, java.lang.Object, java.lang.Object, java.lang.Object, java.lang.Object, java.lang.Object, java.lang.Object)'> (0x00000000845a75d0) 
thrown [s\src\hotspot\share\interpreter\linkResolver.cpp, line 784]
Event: 5.050 Thread 0x0000022fdaef6c90 Exception <a 'java/lang/NoSuchMethodError'{0x00000000845ac808}: 'java.lang.Object java.lang.invoke.DirectMethodHandle$Holder.invokeSpecial(java.lang.Object, java.lang.Object, java.lang.Object, java.lang.Object, java.lang.Object, java.lang.Object, java.lang.Object, java.lang.Object, java.lang.Object, java.lang.Object, java.lang.Object, java.lang.Object, java.lang.Object, java.lang.Object)'> (0x00000000845ac808) 
thrown [s\src\hotspot\share\interpreter\linkResolver.cpp, line 784]
Event: 5.051 Thread 0x0000022fdaef6c90 Exception <a 'java/lang/NoSuchMethodError'{0x00000000845b1558}: 'java.lang.Object java.lang.invoke.DelegatingMethodHandle$Holder.reinvoke_L(java.lang.Object, java.lang.Object, java.lang.Object, java.lang.Object, java.lang.Object, java.lang.Object, java.lang.Object, java.lang.Object, java.lang.Object, java.lang.Object, java.lang.Object, java.lang.Object, java.lang.Object)'> (0x00000000845b1558) 
thrown [s\src\hotspot\share\interpreter\linkResolver.cpp, line 784]
Event: 5.089 Thread 0x0000022fdaef6c90 Exception <a 'java/lang/NoSuchMethodError'{0x000000008435fd68}: 'void java.lang.invoke.DirectMethodHandle$Holder.invokeStaticInit(java.lang.Object, java.lang.Object)'> (0x000000008435fd68) 
thrown [s\src\hotspot\share\interpreter\linkResolver.cpp, line 784]
Event: 5.258 Thread 0x0000022fdaef6c90 Exception <a 'java/lang/NoSuchMethodError'{0x00000000836d8b10}: 'int java.lang.invoke.DirectMethodHandle$Holder.invokeVirtual(java.lang.Object, java.lang.Object)'> (0x00000000836d8b10) 
thrown [s\src\hotspot\share\interpreter\linkResolver.cpp, line 784]
Event: 5.338 Thread 0x0000022fdaef6c90 Exception <a 'java/lang/NoSuchMethodError'{0x00000000833b9ff0}: 'void java.lang.invoke.DirectMethodHandle$Holder.invokeInterface(java.lang.Object, java.lang.Object, java.lang.Object, java.lang.Object, java.lang.Object)'> (0x00000000833b9ff0) 
thrown [s\src\hotspot\share\interpreter\linkResolver.cpp, line 784]
Event: 5.346 Thread 0x0000022fdaef6c90 Exception <a 'java/lang/NoSuchMethodError'{0x0000000083238990}: 'void java.lang.invoke.DirectMethodHandle$Holder.invokeStatic(java.lang.Object, java.lang.Object, java.lang.Object, java.lang.Object, java.lang.Object, java.lang.Object)'> (0x0000000083238990) 
thrown [s\src\hotspot\share\interpreter\linkResolver.cpp, line 784]
Event: 5.667 Thread 0x0000022fdaef6c90 Exception <a 'java/lang/NoSuchMethodError'{0x0000000084d687e8}: 'java.lang.Object java.lang.invoke.DirectMethodHandle$Holder.newInvokeSpecial(java.lang.Object, java.lang.Object, int, int)'> (0x0000000084d687e8) 
thrown [s\src\hotspot\share\interpreter\linkResolver.cpp, line 784]
Event: 5.675 Thread 0x0000022fdaef6c90 Exception <a 'java/lang/NoSuchMethodError'{0x0000000084da3a80}: 'void java.lang.invoke.DirectMethodHandle$Holder.invokeSpecial(java.lang.Object, java.lang.Object, int)'> (0x0000000084da3a80) 
thrown [s\src\hotspot\share\interpreter\linkResolver.cpp, line 784]
Event: 5.676 Thread 0x0000022fdaef6c90 Exception <a 'java/lang/NoSuchMethodError'{0x0000000084da8020}: 'void java.lang.invoke.Invokers$Holder.invokeExact_MT(java.lang.Object, int, java.lang.Object)'> (0x0000000084da8020) 
thrown [s\src\hotspot\share\interpreter\linkResolver.cpp, line 784]

ZGC Phase Switch (0 events):
No events

VM Operations (20 events):
Event: 4.024 Executing VM operation: HandshakeAllThreads (Deoptimize)
Event: 4.024 Executing VM operation: HandshakeAllThreads (Deoptimize) done
Event: 4.025 Executing VM operation: HandshakeAllThreads (Deoptimize)
Event: 4.025 Executing VM operation: HandshakeAllThreads (Deoptimize) done
Event: 4.460 Executing VM operation: ICBufferFull
Event: 4.460 Executing VM operation: ICBufferFull done
Event: 4.485 Executing VM operation: G1CollectForAllocation (G1 Evacuation Pause)
Event: 4.493 Executing VM operation: G1CollectForAllocation (G1 Evacuation Pause) done
Event: 5.304 Executing VM operation: HandshakeAllThreads (Deoptimize)
Event: 5.304 Executing VM operation: HandshakeAllThreads (Deoptimize) done
Event: 5.305 Executing VM operation: HandshakeAllThreads (Deoptimize)
Event: 5.305 Executing VM operation: HandshakeAllThreads (Deoptimize) done
Event: 5.497 Executing VM operation: CollectForMetadataAllocation (Metadata GC Threshold)
Event: 5.505 Executing VM operation: CollectForMetadataAllocation (Metadata GC Threshold) done
Event: 5.577 Executing VM operation: CollectForMetadataAllocation (Metadata GC Threshold)
Event: 5.583 Executing VM operation: CollectForMetadataAllocation (Metadata GC Threshold) done
Event: 5.595 Executing VM operation: G1PauseRemark
Event: 5.599 Executing VM operation: G1PauseRemark done
Event: 5.604 Executing VM operation: G1PauseCleanup
Event: 5.605 Executing VM operation: G1PauseCleanup done

Memory protections (0 events):
No events

Nmethod flushes (20 events):
Event: 5.597 Thread 0x0000022fd905ea20 flushing  nmethod 0x0000022fbfda0b10
Event: 5.597 Thread 0x0000022fd905ea20 flushing  nmethod 0x0000022fbfe10610
Event: 5.597 Thread 0x0000022fd905ea20 flushing  nmethod 0x0000022fbfe14990
Event: 5.597 Thread 0x0000022fd905ea20 flushing  nmethod 0x0000022fbfe15810
Event: 5.597 Thread 0x0000022fd905ea20 flushing  nmethod 0x0000022fbfe18a90
Event: 5.597 Thread 0x0000022fd905ea20 flushing  nmethod 0x0000022fbfe1a810
Event: 5.597 Thread 0x0000022fd905ea20 flushing  nmethod 0x0000022fbfe1b010
Event: 5.597 Thread 0x0000022fd905ea20 flushing  nmethod 0x0000022fbfe85590
Event: 5.597 Thread 0x0000022fd905ea20 flushing  nmethod 0x0000022fbfe87410
Event: 5.597 Thread 0x0000022fd905ea20 flushing  nmethod 0x0000022fbfecaa90
Event: 5.597 Thread 0x0000022fd905ea20 flushing  nmethod 0x0000022fbfecb410
Event: 5.597 Thread 0x0000022fd905ea20 flushing  nmethod 0x0000022fbfed2390
Event: 5.597 Thread 0x0000022fd905ea20 flushing  nmethod 0x0000022fbfed3c10
Event: 5.597 Thread 0x0000022fd905ea20 flushing  nmethod 0x0000022fbff86710
Event: 5.597 Thread 0x0000022fd905ea20 flushing  nmethod 0x0000022fbff86d10
Event: 5.597 Thread 0x0000022fd905ea20 flushing  nmethod 0x0000022fbff87210
Event: 5.597 Thread 0x0000022fd905ea20 flushing  nmethod 0x0000022fbff87590
Event: 5.597 Thread 0x0000022fd905ea20 flushing  nmethod 0x0000022fbff89590
Event: 5.597 Thread 0x0000022fd905ea20 flushing  nmethod 0x0000022fbff8a410
Event: 5.597 Thread 0x0000022fd905ea20 flushing  nmethod 0x0000022fbff8ab90

Events (20 events):
Event: 2.449 Thread 0x0000022fbcbbb020 Thread added: 0x0000022fdae732a0
Event: 2.709 Loaded shared library D:\Android Studio\jbr\bin\extnet.dll
Event: 2.757 Thread 0x0000022fbcbbb020 Thread added: 0x0000022fdb080dc0
Event: 2.865 Thread 0x0000022fbcbbb020 Thread added: 0x0000022fdade9720
Event: 3.050 Thread 0x0000022fdb080dc0 Thread added: 0x0000022fdb066720
Event: 3.054 Thread 0x0000022fdb066720 Thread added: 0x0000022fdadd23f0
Event: 3.102 Thread 0x0000022fdb066720 Thread added: 0x0000022fdaef6020
Event: 3.115 Thread 0x0000022fdb066720 Thread added: 0x0000022fdaef6c90
Event: 3.133 Thread 0x0000022fdaef6c90 Thread added: 0x0000022fdace4700
Event: 3.144 Thread 0x0000022fdaef6c90 Thread added: 0x0000022fdb130bb0
Event: 3.150 Thread 0x0000022fdaef6c90 Thread added: 0x0000022fdb131240
Event: 3.725 Thread 0x0000022fdaef6c90 Thread added: 0x0000022fdb12f170
Event: 3.748 Thread 0x0000022fdaef6c90 Thread added: 0x0000022fdb12f800
Event: 3.779 Thread 0x0000022fdaef6c90 Thread added: 0x0000022fdb12fe90
Event: 4.588 Thread 0x0000022fdaef6c90 Thread added: 0x0000022fdb1318d0
Event: 4.938 Thread 0x0000022fdaef6c90 Thread added: 0x0000022fdb131f60
Event: 4.965 Thread 0x0000022fdaef6c90 Thread added: 0x0000022fdb1325f0
Event: 5.245 Thread 0x0000022fdaef6c90 Thread added: 0x0000022fdbab6990
Event: 5.255 Thread 0x0000022fdaef6c90 Thread added: 0x0000022fdbab6300
Event: 5.661 Thread 0x0000022fd9277e40 Thread added: 0x0000022fd97b0830


Dynamic libraries:
0x00007ff696bd0000 - 0x00007ff696bda000 	D:\Android Studio\jbr\bin\java.exe
0x00007ffad5950000 - 0x00007ffad5b67000 	C:\Windows\SYSTEM32\ntdll.dll
0x00007ffad4bc0000 - 0x00007ffad4c84000 	C:\Windows\System32\KERNEL32.DLL
0x00007ffad3200000 - 0x00007ffad35d3000 	C:\Windows\System32\KERNELBASE.dll
0x00007ffad30e0000 - 0x00007ffad31f1000 	C:\Windows\System32\ucrtbase.dll
0x00007fface120000 - 0x00007fface13b000 	D:\Android Studio\jbr\bin\VCRUNTIME140.dll
0x00007ffacd990000 - 0x00007ffacd9a8000 	D:\Android Studio\jbr\bin\jli.dll
0x00007ffad4a00000 - 0x00007ffad4bb1000 	C:\Windows\System32\USER32.dll
0x00007ffac8510000 - 0x00007ffac87ab000 	C:\Windows\WinSxS\amd64_microsoft.windows.common-controls_6595b64144ccf1df_6.0.22621.5262_none_2712bde373830908\COMCTL32.dll
0x00007ffad3030000 - 0x00007ffad3056000 	C:\Windows\System32\win32u.dll
0x00007ffad4e40000 - 0x00007ffad4ee7000 	C:\Windows\System32\msvcrt.dll
0x00007ffad4800000 - 0x00007ffad4829000 	C:\Windows\System32\GDI32.dll
0x00007ffad2f00000 - 0x00007ffad3022000 	C:\Windows\System32\gdi32full.dll
0x00007ffad2e60000 - 0x00007ffad2efa000 	C:\Windows\System32\msvcp_win.dll
0x00007ffad47a0000 - 0x00007ffad47d1000 	C:\Windows\System32\IMM32.DLL
0x00007fface140000 - 0x00007fface14c000 	D:\Android Studio\jbr\bin\vcruntime140_1.dll
0x00007ffa9e4f0000 - 0x00007ffa9e57d000 	D:\Android Studio\jbr\bin\msvcp140.dll
0x00007ffa73b90000 - 0x00007ffa7481a000 	D:\Android Studio\jbr\bin\server\jvm.dll
0x00007ffad3da0000 - 0x00007ffad3e51000 	C:\Windows\System32\ADVAPI32.dll
0x00007ffad35e0000 - 0x00007ffad3687000 	C:\Windows\System32\sechost.dll
0x00007ffad2c70000 - 0x00007ffad2c98000 	C:\Windows\System32\bcrypt.dll
0x00007ffad5670000 - 0x00007ffad5784000 	C:\Windows\System32\RPCRT4.dll
0x00007ffad3e70000 - 0x00007ffad3ee1000 	C:\Windows\System32\WS2_32.dll
0x00007ffad22c0000 - 0x00007ffad230d000 	C:\Windows\SYSTEM32\POWRPROF.dll
0x00007ffacd6e0000 - 0x00007ffacd714000 	C:\Windows\SYSTEM32\WINMM.dll
0x00007ffac9650000 - 0x00007ffac965a000 	C:\Windows\SYSTEM32\VERSION.dll
0x00007ffad22a0000 - 0x00007ffad22b3000 	C:\Windows\SYSTEM32\UMPDC.dll
0x00007ffad1a20000 - 0x00007ffad1a38000 	C:\Windows\SYSTEM32\kernel.appcore.dll
0x00007ffacd980000 - 0x00007ffacd98a000 	D:\Android Studio\jbr\bin\jimage.dll
0x00007ffacac10000 - 0x00007ffacae42000 	C:\Windows\SYSTEM32\DBGHELP.DLL
0x00007ffad4ef0000 - 0x00007ffad5283000 	C:\Windows\System32\combase.dll
0x00007ffad5380000 - 0x00007ffad5457000 	C:\Windows\System32\OLEAUT32.dll
0x00007ffac78b0000 - 0x00007ffac78e2000 	C:\Windows\SYSTEM32\dbgcore.DLL
0x00007ffad3060000 - 0x00007ffad30db000 	C:\Windows\System32\bcryptPrimitives.dll
0x00007ffacc570000 - 0x00007ffacc57e000 	D:\Android Studio\jbr\bin\instrument.dll
0x00007ffaa6d00000 - 0x00007ffaa6d20000 	D:\Android Studio\jbr\bin\java.dll
0x00007ffaa1f80000 - 0x00007ffaa1f98000 	D:\Android Studio\jbr\bin\zip.dll
0x00007ffad3f00000 - 0x00007ffad479d000 	C:\Windows\System32\SHELL32.dll
0x00007ffad2ca0000 - 0x00007ffad2ddf000 	C:\Windows\System32\wintypes.dll
0x00007ffad0980000 - 0x00007ffad129d000 	C:\Windows\SYSTEM32\windows.storage.dll
0x00007ffad5790000 - 0x00007ffad589b000 	C:\Windows\System32\SHCORE.dll
0x00007ffad5460000 - 0x00007ffad54c6000 	C:\Windows\System32\shlwapi.dll
0x00007ffad2970000 - 0x00007ffad299b000 	C:\Windows\SYSTEM32\profapi.dll
0x00007ffacd970000 - 0x00007ffacd980000 	D:\Android Studio\jbr\bin\net.dll
0x00007ffaced60000 - 0x00007ffacee8c000 	C:\Windows\SYSTEM32\WINHTTP.dll
0x00007ffad1f70000 - 0x00007ffad1fda000 	C:\Windows\system32\mswsock.dll
0x00007ffaa1fe0000 - 0x00007ffaa1ff6000 	D:\Android Studio\jbr\bin\nio.dll
0x00007fface170000 - 0x00007fface180000 	D:\Android Studio\jbr\bin\verify.dll
0x00007ffaca1a0000 - 0x00007ffaca1c7000 	C:\Users\M-S-I\.gradle\native\c067742578af261105cb4f569cf0c3c89f3d7b1fecec35dd04571415982c5e48\windows-amd64\native-platform.dll
0x00007ffa943c0000 - 0x00007ffa94504000 	C:\Users\M-S-I\.gradle\native\100fb08df4bc3b14c8652ba06237920a3bd2aa13389f12d3474272988ae205f9\windows-amd64\native-platform-file-events.dll
0x00007ffab4390000 - 0x00007ffab4399000 	D:\Android Studio\jbr\bin\management.dll
0x00007ffab4210000 - 0x00007ffab421b000 	D:\Android Studio\jbr\bin\management_ext.dll
0x00007ffad3e60000 - 0x00007ffad3e68000 	C:\Windows\System32\PSAPI.DLL
0x00007ffad21c0000 - 0x00007ffad21db000 	C:\Windows\SYSTEM32\CRYPTSP.dll
0x00007ffad19e0000 - 0x00007ffad1a17000 	C:\Windows\system32\rsaenh.dll
0x00007ffad2060000 - 0x00007ffad2088000 	C:\Windows\SYSTEM32\USERENV.dll
0x00007ffad21e0000 - 0x00007ffad21ec000 	C:\Windows\SYSTEM32\CRYPTBASE.dll
0x00007ffad1500000 - 0x00007ffad152d000 	C:\Windows\SYSTEM32\IPHLPAPI.DLL
0x00007ffad3ef0000 - 0x00007ffad3ef9000 	C:\Windows\System32\NSI.dll
0x00007ffac6fa0000 - 0x00007ffac6fa9000 	D:\Android Studio\jbr\bin\extnet.dll
0x00007ffaca470000 - 0x00007ffaca478000 	C:\Windows\system32\wshunix.dll

dbghelp: loaded successfully - version: 4.0.5 - missing functions: none
symbol engine: initialized successfully - sym options: 0x614 - pdb path: .;D:\Android Studio\jbr\bin;C:\Windows\SYSTEM32;C:\Windows\WinSxS\amd64_microsoft.windows.common-controls_6595b64144ccf1df_6.0.22621.5262_none_2712bde373830908;D:\Android Studio\jbr\bin\server;C:\Users\M-S-I\.gradle\native\c067742578af261105cb4f569cf0c3c89f3d7b1fecec35dd04571415982c5e48\windows-amd64;C:\Users\M-S-I\.gradle\native\100fb08df4bc3b14c8652ba06237920a3bd2aa13389f12d3474272988ae205f9\windows-amd64

VM Arguments:
jvm_args: --add-opens=java.base/java.lang=ALL-UNNAMED --add-opens=java.base/java.lang.invoke=ALL-UNNAMED --add-opens=java.base/java.util=ALL-UNNAMED --add-opens=java.prefs/java.util.prefs=ALL-UNNAMED --add-exports=jdk.compiler/com.sun.tools.javac.api=ALL-UNNAMED --add-exports=jdk.compiler/com.sun.tools.javac.util=ALL-UNNAMED --add-opens=java.base/java.util=ALL-UNNAMED --add-opens=java.prefs/java.util.prefs=ALL-UNNAMED --add-opens=java.base/java.nio.charset=ALL-UNNAMED --add-opens=java.base/java.net=ALL-UNNAMED --add-opens=java.base/java.util.concurrent.atomic=ALL-UNNAMED --add-opens=java.xml/javax.xml.namespace=ALL-UNNAMED -Xmx2048m -Dfile.encoding=UTF-8 -Duser.country=US -Duser.language=en -Duser.variant -javaagent:C:\Users\M-S-I\.gradle\wrapper\dists\gradle-8.11.1-bin\bpt9gzteqjrbo1mjrsomdt32c\gradle-8.11.1\lib\agents\gradle-instrumentation-agent-8.11.1.jar 
java_command: org.gradle.launcher.daemon.bootstrap.GradleDaemon 8.11.1
java_class_path (initial): C:\Users\M-S-I\.gradle\wrapper\dists\gradle-8.11.1-bin\bpt9gzteqjrbo1mjrsomdt32c\gradle-8.11.1\lib\gradle-daemon-main-8.11.1.jar
Launcher Type: SUN_STANDARD

[Global flags]
     intx CICompilerCount                          = 12                                        {product} {ergonomic}
     uint ConcGCThreads                            = 3                                         {product} {ergonomic}
     uint G1ConcRefinementThreads                  = 13                                        {product} {ergonomic}
   size_t G1HeapRegionSize                         = 1048576                                   {product} {ergonomic}
    uintx GCDrainStackTargetSize                   = 64                                        {product} {ergonomic}
   size_t InitialHeapSize                          = 123731968                                 {product} {ergonomic}
   size_t MarkStackSize                            = 4194304                                   {product} {ergonomic}
   size_t MaxHeapSize                              = 2147483648                                {product} {command line}
   size_t MaxNewSize                               = 1287651328                                {product} {ergonomic}
   size_t MinHeapDeltaBytes                        = 1048576                                   {product} {ergonomic}
   size_t MinHeapSize                              = 8388608                                   {product} {ergonomic}
    uintx NonNMethodCodeHeapSize                   = 7602480                                {pd product} {ergonomic}
    uintx NonProfiledCodeHeapSize                  = 122027880                              {pd product} {ergonomic}
    uintx ProfiledCodeHeapSize                     = 122027880                              {pd product} {ergonomic}
    uintx ReservedCodeCacheSize                    = 251658240                              {pd product} {ergonomic}
     bool SegmentedCodeCache                       = true                                      {product} {ergonomic}
   size_t SoftMaxHeapSize                          = 2147483648                             {manageable} {ergonomic}
     bool UseCompressedOops                        = true                           {product lp64_product} {ergonomic}
     bool UseG1GC                                  = true                                      {product} {ergonomic}
     bool UseLargePagesIndividualAllocation        = false                                  {pd product} {ergonomic}

Logging:
Log output configuration:
 #0: stdout all=warning uptime,level,tags foldmultilines=false
 #1: stderr all=off uptime,level,tags foldmultilines=false

Environment Variables:
PATH=C:\ProgramData\Oracle\Java\javapath;C:\Windows\system32;C:\Windows;C:\Windows\System32\Wbem;C:\Windows\System32\WindowsPowerShell\v1.0\;C:\Windows\System32\OpenSSH\;C:\Program Files\Azure Data Studio\bin;C:\Program Files\nodejs\;C:\Program Files\Cloudflare\Cloudflare WARP\;C:\Users\M-S-I\AppData\Local\Microsoft\WindowsApps;C:\Program Files\Azure Data Studio\bin;C:\Users\M-S-I\AppData\Local\Programs\Microsoft VS Code\bin;C:\Users\M-S-I\AppData\Roaming\npm;C:\Program Files\nodejs\node_modules\npm\bin;
USERNAME=M-S-I
OS=Windows_NT
PROCESSOR_IDENTIFIER=AMD64 Family 23 Model 104 Stepping 1, AuthenticAMD
TMP=C:\Users\M-S-I\AppData\Local\Temp
TEMP=C:\Users\M-S-I\AppData\Local\Temp




Periodic native trim disabled

JNI global refs:
JNI global refs: 32, weak refs: 0

JNI global refs memory usage: 835, weak refs: 833

Process memory usage:
Resident Set Size: 230988K (2% of 7722660K total physical memory with 449648K free physical memory)

OOME stack traces (most recent first):
Classloader memory used:
Loader bootstrap                                                                       : 17306K
Loader org.gradle.internal.classloader.VisitableURLClassLoader                         : 15317K
Loader org.gradle.initialization.MixInLegacyTypesClassLoader                           : 3085K
Loader jdk.internal.loader.ClassLoaders$AppClassLoader                                 : 234K
Loader jdk.internal.loader.ClassLoaders$PlatformClassLoader                            : 113K

Classes loaded by more than one classloader:
Class org.gradle.internal.classloader.FilteringClassLoader                            : loaded 2 times (x 101B)
Class org.gradle.internal.classloader.ClassLoaderHierarchy                            : loaded 2 times (x 66B)
Class org.gradle.api.internal.classpath.ManifestUtil                                  : loaded 2 times (x 67B)
Class org.gradle.internal.classloader.DefaultClassLoaderFactory                       : loaded 2 times (x 78B)
Class org.gradle.internal.classloader.ClassLoaderVisitor                              : loaded 2 times (x 72B)
Class org.gradle.api.internal.classpath.EffectiveClassPath                            : loaded 2 times (x 86B)
Class org.gradle.api.internal.DefaultClassPathProvider                                : loaded 2 times (x 72B)
Class [Lorg.gradle.api.internal.ClassPathProvider;                                    : loaded 2 times (x 65B)
Class org.gradle.api.internal.ClassPathProvider                                       : loaded 2 times (x 66B)
Class org.gradle.internal.service.UnknownServiceException                             : loaded 2 times (x 79B)
Class org.gradle.internal.classpath.TransformedClassPath                              : loaded 2 times (x 92B)
Class org.gradle.internal.classloader.InstrumentingClassLoader                        : loaded 2 times (x 66B)
Class org.gradle.internal.service.ServiceLocator                                      : loaded 2 times (x 66B)
Class org.gradle.internal.InternalTransformer                                         : loaded 2 times (x 66B)
Class org.gradle.internal.classloader.ClasspathUtil$1                                 : loaded 2 times (x 72B)
Class org.gradle.api.internal.classpath.DefaultModuleRegistry$DefaultModule           : loaded 2 times (x 82B)
Class org.gradle.api.internal.classpath.Module                                        : loaded 2 times (x 66B)
Class org.gradle.api.internal.classpath.UnknownModuleException                        : loaded 2 times (x 78B)
Class org.gradle.api.internal.DefaultClassPathRegistry                                : loaded 2 times (x 72B)
Class org.gradle.api.internal.ClassPathRegistry                                       : loaded 2 times (x 66B)
Class org.gradle.internal.classpath.DefaultClassPath$ImmutableUniqueList              : loaded 2 times (x 195B)
Class org.gradle.internal.classpath.ClassPath                                         : loaded 2 times (x 66B)
Class org.gradle.api.UncheckedIOException                                             : loaded 2 times (x 78B)
Class org.gradle.internal.installation.GradleInstallation$1                           : loaded 2 times (x 71B)
Class org.gradle.api.internal.classpath.ModuleRegistry                                : loaded 2 times (x 66B)
Class org.gradle.api.internal.classpath.DefaultModuleRegistry                         : loaded 2 times (x 82B)
Class org.gradle.internal.service.ServiceLookupException                              : loaded 2 times (x 78B)
Class org.gradle.internal.classloader.ClassLoaderFactory                              : loaded 2 times (x 66B)
Class org.gradle.internal.service.CachingServiceLocator                               : loaded 2 times (x 78B)
Class org.gradle.internal.classloader.ClasspathUtil                                   : loaded 2 times (x 67B)
Class org.gradle.api.specs.Spec                                                       : loaded 2 times (x 66B)
Class org.gradle.internal.classloader.VisitableURLClassLoader$InstrumentingVisitableURLClassLoader: loaded 2 times (x 119B)
Class org.gradle.internal.classloader.VisitableURLClassLoader$Spec                    : loaded 2 times (x 70B)
Class org.gradle.internal.classpath.DefaultClassPath                                  : loaded 2 times (x 86B)
Class org.gradle.internal.classloader.ClassLoaderSpec                                 : loaded 2 times (x 67B)
Class org.gradle.internal.classloader.VisitableURLClassLoader                         : loaded 2 times (x 113B)
Class org.gradle.internal.Cast                                                        : loaded 2 times (x 67B)
Class org.gradle.api.Action                                                           : loaded 2 times (x 66B)
Class org.gradle.internal.classpath.DefaultClassPath$ImmutableUniqueList$Builder      : loaded 2 times (x 71B)
Class org.gradle.api.GradleException                                                  : loaded 2 times (x 78B)
Class org.gradle.internal.IoActions                                                   : loaded 2 times (x 67B)
Class org.gradle.internal.classloader.SystemClassLoaderSpec                           : loaded 2 times (x 67B)
Class org.gradle.api.internal.classpath.GlobalCacheRootsProvider                      : loaded 2 times (x 66B)
Class org.gradle.internal.installation.CurrentGradleInstallationLocator               : loaded 2 times (x 67B)
Class org.gradle.internal.service.DefaultServiceLocator                               : loaded 2 times (x 79B)
Class org.gradle.internal.installation.CurrentGradleInstallation                      : loaded 2 times (x 69B)
Class org.gradle.util.internal.GUtil                                                  : loaded 2 times (x 67B)
Class org.gradle.internal.installation.GradleInstallation                             : loaded 2 times (x 71B)

---------------  S Y S T E M  ---------------

OS:
 Windows 11 , 64 bit Build 22621 (10.0.22621.5262)
OS uptime: 0 days 2:19 hours

CPU: total 16 (initial active 16) (16 cores per cpu, 2 threads per core) family 23 model 104 stepping 1 microcode 0x0, cx8, cmov, fxsr, ht, mmx, 3dnowpref, sse, sse2, sse3, ssse3, sse4a, sse4.1, sse4.2, popcnt, lzcnt, tsc, tscinvbit, avx, avx2, aes, clmul, bmi1, bmi2, adx, sha, fma, vzeroupper, clflush, clflushopt, rdtscp, rdpid, f16c
Processor Information for all 16 processors :
  Max Mhz: 1801, Current Mhz: 1801, Mhz Limit: 1801

Memory: 4k page, system-wide physical 7541M (442M free)
TotalPageFile size 19829M (AvailPageFile size 12M)
current process WorkingSet (physical memory assigned to process): 226M, peak: 235M
current process commit charge ("private bytes"): 276M, peak: 285M

vm_info: OpenJDK 64-Bit Server VM (21.0.5+-13047016-b750.29) for windows-amd64 JRE (21.0.5+-13047016-b750.29), built on 2025-02-11T21:12:39Z by "builder" with MS VC++ 16.10 / 16.11 (VS2019)

END.
